[spruko.com/demo/ynex/dist/html/index.html]
[backblue.gif]
[fade.gif]
[index.html]
[spruko.com/demo/ynex/dist/assets/libs/choices.js/public/assets/scripts/choices.min.js]
[spruko.com/demo/ynex/dist/assets/js/main.js]
[spruko.com/demo/ynex/dist/assets/images/brand-logos/desktop-logo.png]
[spruko.com/demo/ynex/dist/assets/images/brand-logos/toggle-logo.png]
[spruko.com/demo/ynex/dist/assets/images/brand-logos/desktop-dark.png]
[spruko.com/demo/ynex/dist/assets/images/brand-logos/toggle-dark.png]
[spruko.com/demo/ynex/dist/assets/images/flags/us_flag.jpg]
[spruko.com/demo/ynex/dist/assets/images/flags/spain_flag.jpg]
[spruko.com/demo/ynex/dist/assets/images/flags/french_flag.jpg]
[spruko.com/demo/ynex/dist/assets/images/flags/germany_flag.jpg]
[spruko.com/demo/ynex/dist/assets/images/flags/italy_flag.jpg]
[spruko.com/demo/ynex/dist/assets/images/flags/russia_flag.jpg]
[spruko.com/demo/ynex/dist/assets/images/ecommerce/jpg/1.jpg]
[spruko.com/demo/ynex/dist/html/cart.html]
[spruko.com/demo/ynex/dist/assets/images/ecommerce/jpg/3.jpg]
[spruko.com/demo/ynex/dist/assets/images/ecommerce/jpg/5.jpg]
[spruko.com/demo/ynex/dist/assets/images/ecommerce/jpg/4.jpg]
[spruko.com/demo/ynex/dist/assets/images/ecommerce/jpg/6.jpg]
[spruko.com/demo/ynex/dist/html/checkout.html]
[spruko.com/demo/ynex/dist/html/products.html]
[spruko.com/demo/ynex/dist/html/notifications.html]
[spruko.com/demo/ynex/dist/assets/images/apps/figma.png]
[spruko.com/demo/ynex/dist/assets/images/apps/microsoft-powerpoint.png]
[spruko.com/demo/ynex/dist/assets/images/apps/microsoft-word.png]
[spruko.com/demo/ynex/dist/assets/images/apps/calender.png]
[spruko.com/demo/ynex/dist/assets/images/apps/sketch.png]
[spruko.com/demo/ynex/dist/assets/images/apps/google-docs.png]
[spruko.com/demo/ynex/dist/assets/images/apps/google.png]
[spruko.com/demo/ynex/dist/assets/images/apps/translate.png]
[spruko.com/demo/ynex/dist/assets/images/apps/google-sheets.png]
[spruko.com/demo/ynex/dist/assets/images/faces/9.jpg]
[spruko.com/demo/ynex/dist/html/profile.html]
[spruko.com/demo/ynex/dist/html/mail.html]
[spruko.com/demo/ynex/dist/html/to-do-list.html]
[spruko.com/demo/ynex/dist/html/mail-settings.html]
[spruko.com/demo/ynex/dist/html/chat.html]
[spruko.com/demo/ynex/dist/html/sign-in-cover.html]
[spruko.com/demo/ynex/dist/html/index-1.html]
[spruko.com/demo/ynex/dist/html/index-2.html]
[spruko.com/demo/ynex/dist/html/index-3.html]
[spruko.com/demo/ynex/dist/html/index-4.html]
[spruko.com/demo/ynex/dist/html/index-5.html]
[spruko.com/demo/ynex/dist/html/index-6.html]
[spruko.com/demo/ynex/dist/html/index-7.html]
[spruko.com/demo/ynex/dist/html/index-8.html]
[spruko.com/demo/ynex/dist/html/index-9.html]
[spruko.com/demo/ynex/dist/html/index-10.html]
[spruko.com/demo/ynex/dist/html/index-11.html]
[spruko.com/demo/ynex/dist/html/about-us.html]
[spruko.com/demo/ynex/dist/html/blog.html]
[spruko.com/demo/ynex/dist/html/blog-details.html]
[spruko.com/demo/ynex/dist/html/blog-create.html]
[spruko.com/demo/ynex/dist/html/contacts.html]
[spruko.com/demo/ynex/dist/html/contact-us.html]
[spruko.com/demo/ynex/dist/html/add-products.html]
[spruko.com/demo/ynex/dist/html/edit-products.html]
[spruko.com/demo/ynex/dist/html/order-details.html]
[spruko.com/demo/ynex/dist/html/orders.html]
[spruko.com/demo/ynex/dist/html/product-details.html]
[spruko.com/demo/ynex/dist/html/products-list.html]
[spruko.com/demo/ynex/dist/html/wishlist.html]
[spruko.com/demo/ynex/dist/html/empty.html]
[spruko.com/demo/ynex/dist/html/faq's.html]
[spruko.com/demo/ynex/dist/html/file-manager.html]
[spruko.com/demo/ynex/dist/html/invoice-create.html]
[spruko.com/demo/ynex/dist/html/invoice-details.html]
[spruko.com/demo/ynex/dist/html/invoice-list.html]
[spruko.com/demo/ynex/dist/html/landing.html]
[spruko.com/demo/ynex/dist/html/pricing.html]
[spruko.com/demo/ynex/dist/html/reviews.html]
[spruko.com/demo/ynex/dist/html/team.html]
[spruko.com/demo/ynex/dist/html/terms_conditions.html]
[spruko.com/demo/ynex/dist/html/timeline.html]
[spruko.com/demo/ynex/dist/html/coming-soon.html]
[spruko.com/demo/ynex/dist/html/create-password-basic.html]
[spruko.com/demo/ynex/dist/html/create-password-cover.html]
[spruko.com/demo/ynex/dist/html/lockscreen-basic.html]
[spruko.com/demo/ynex/dist/html/lockscreen-cover.html]
[spruko.com/demo/ynex/dist/html/reset-password-basic.html]
[spruko.com/demo/ynex/dist/html/reset-password-cover.html]
[spruko.com/demo/ynex/dist/html/sign-up-basic.html]
[spruko.com/demo/ynex/dist/html/sign-up-cover.html]
[spruko.com/demo/ynex/dist/html/sign-in-basic.html]
[spruko.com/demo/ynex/dist/html/two-step-verification-basic.html]
[spruko.com/demo/ynex/dist/html/two-step-verification-cover.html]
[spruko.com/demo/ynex/dist/html/under-maintenance.html]
[spruko.com/demo/ynex/dist/html/401-error.html]
[spruko.com/demo/ynex/dist/html/404-error.html]
[spruko.com/demo/ynex/dist/html/500-error.html]
[spruko.com/demo/ynex/dist/html/alerts.html]
[spruko.com/demo/ynex/dist/html/badge.html]
[spruko.com/demo/ynex/dist/html/breadcrumb.html]
[spruko.com/demo/ynex/dist/html/buttons.html]
[spruko.com/demo/ynex/dist/html/buttongroup.html]
[spruko.com/demo/ynex/dist/html/cards.html]
[spruko.com/demo/ynex/dist/html/dropdowns.html]
[spruko.com/demo/ynex/dist/html/images_figures.html]
[spruko.com/demo/ynex/dist/html/listgroup.html]
[spruko.com/demo/ynex/dist/html/navs_tabs.html]
[spruko.com/demo/ynex/dist/html/object-fit.html]
[spruko.com/demo/ynex/dist/html/pagination.html]
[spruko.com/demo/ynex/dist/html/popovers.html]
[spruko.com/demo/ynex/dist/html/progress.html]
[spruko.com/demo/ynex/dist/html/spinners.html]
[spruko.com/demo/ynex/dist/html/toasts.html]
[spruko.com/demo/ynex/dist/html/tooltips.html]
[spruko.com/demo/ynex/dist/html/typography.html]
[spruko.com/demo/ynex/dist/html/avatars.html]
[spruko.com/demo/ynex/dist/html/borders.html]
[spruko.com/demo/ynex/dist/html/breakpoints.html]
[spruko.com/demo/ynex/dist/html/colors.html]
[spruko.com/demo/ynex/dist/html/columns.html]
[spruko.com/demo/ynex/dist/html/flex.html]
[spruko.com/demo/ynex/dist/html/gutters.html]
[spruko.com/demo/ynex/dist/html/helpers.html]
[spruko.com/demo/ynex/dist/html/position.html]
[spruko.com/demo/ynex/dist/html/more.html]
[spruko.com/demo/ynex/dist/html/form_inputs.html]
[spruko.com/demo/ynex/dist/html/form_check_radios.html]
[spruko.com/demo/ynex/dist/html/form_input_group.html]
[spruko.com/demo/ynex/dist/html/form_select.html]
[spruko.com/demo/ynex/dist/html/form_range.html]
[spruko.com/demo/ynex/dist/html/form_input_masks.html]
[spruko.com/demo/ynex/dist/html/form_file_uploads.html]
[spruko.com/demo/ynex/dist/html/form_dateTime_pickers.html]
[spruko.com/demo/ynex/dist/html/form_color_pickers.html]
[spruko.com/demo/ynex/dist/html/floating_labels.html]
[spruko.com/demo/ynex/dist/html/form_layout.html]
[spruko.com/demo/ynex/dist/html/quill_editor.html]
[spruko.com/demo/ynex/dist/html/form_validation.html]
[spruko.com/demo/ynex/dist/html/form_select2.html]
[spruko.com/demo/ynex/dist/html/accordions_collpase.html]
[spruko.com/demo/ynex/dist/html/carousel.html]
[spruko.com/demo/ynex/dist/html/draggable-cards.html]
[spruko.com/demo/ynex/dist/html/modals_closes.html]
[spruko.com/demo/ynex/dist/html/navbar.html]
[spruko.com/demo/ynex/dist/html/offcanvas.html]
[spruko.com/demo/ynex/dist/html/placeholders.html]
[spruko.com/demo/ynex/dist/html/ratings.html]
[spruko.com/demo/ynex/dist/html/scrollspy.html]
[spruko.com/demo/ynex/dist/html/swiperjs.html]
[spruko.com/demo/ynex/dist/html/widgets.html]
[spruko.com/demo/ynex/dist/html/full-calendar.html]
[spruko.com/demo/ynex/dist/html/gallery.html]
[spruko.com/demo/ynex/dist/html/sweet_alerts.html]
[spruko.com/demo/ynex/dist/html/tables.html]
[spruko.com/demo/ynex/dist/html/grid-tables.html]
[spruko.com/demo/ynex/dist/html/data-tables.html]
[spruko.com/demo/ynex/dist/html/apex-line-charts.html]
[spruko.com/demo/ynex/dist/html/apex-area-charts.html]
[spruko.com/demo/ynex/dist/html/apex-column-charts.html]
[spruko.com/demo/ynex/dist/html/apex-bar-charts.html]
[spruko.com/demo/ynex/dist/html/apex-mixed-charts.html]
[spruko.com/demo/ynex/dist/html/apex-rangearea-charts.html]
[spruko.com/demo/ynex/dist/html/apex-timeline-charts.html]
[spruko.com/demo/ynex/dist/html/apex-candlestick-charts.html]
[spruko.com/demo/ynex/dist/html/apex-boxplot-charts.html]
[spruko.com/demo/ynex/dist/html/apex-bubble-charts.html]
[spruko.com/demo/ynex/dist/html/apex-scatter-charts.html]
[spruko.com/demo/ynex/dist/html/apex-heatmap-charts.html]
[spruko.com/demo/ynex/dist/html/apex-treemap-charts.html]
[spruko.com/demo/ynex/dist/html/apex-pie-charts.html]
[spruko.com/demo/ynex/dist/html/apex-radialbar-charts.html]
[spruko.com/demo/ynex/dist/html/apex-radar-charts.html]
[spruko.com/demo/ynex/dist/html/apex-polararea-charts.html]
[spruko.com/demo/ynex/dist/html/chartjs-charts.html]
[spruko.com/demo/ynex/dist/html/echarts.html]
[spruko.com/demo/ynex/dist/html/google-maps.html]
[spruko.com/demo/ynex/dist/html/leaflet-maps.html]
[spruko.com/demo/ynex/dist/html/vector-maps.html]
[spruko.com/demo/ynex/dist/html/icons.html]
[spruko.com/demo/ynex/dist/assets/images/faces/10.jpg]
[spruko.com/demo/ynex/dist/assets/images/faces/12.jpg]
[spruko.com/demo/ynex/dist/assets/images/faces/4.jpg]
[spruko.com/demo/ynex/dist/assets/images/faces/15.jpg]
[spruko.com/demo/ynex/dist/assets/images/faces/11.jpg]
[spruko.com/demo/ynex/dist/assets/images/faces/8.jpg]
[spruko.com/demo/ynex/dist/assets/libs/@popperjs/core/umd/popper.min.js]
[spruko.com/demo/ynex/dist/assets/libs/bootstrap/js/bootstrap.bundle.min.js]
[spruko.com/demo/ynex/dist/assets/js/defaultmenu.min.js]
[spruko.com/demo/ynex/dist/assets/libs/node-waves/waves.min.js]
[spruko.com/demo/ynex/dist/assets/js/sticky.js]
[spruko.com/demo/ynex/dist/assets/libs/simplebar/simplebar.min.js]
[spruko.com/demo/ynex/dist/assets/js/simplebar.js]
[spruko.com/demo/ynex/dist/assets/libs/@simonwep/pickr/pickr.es5.min.js]
[spruko.com/demo/ynex/dist/assets/libs/jsvectormap/js/jsvectormap.min.js]
[spruko.com/demo/ynex/dist/assets/libs/jsvectormap/maps/world-merc.js]
[spruko.com/demo/ynex/dist/assets/libs/apexcharts/apexcharts.min.js]
[spruko.com/demo/ynex/dist/assets/libs/chart.js/chart.min.js]
[spruko.com/demo/ynex/dist/assets/js/crm-dashboard.js]
[spruko.com/demo/ynex/dist/assets/js/custom-switcher.min.js]
[spruko.com/demo/ynex/dist/assets/js/custom.js]
[spruko.com/demo/ynex/dist/html/index.html]
[spruko.com/demo/ynex/dist/assets/libs/bootstrap/css/bootstrap.min.css]
[spruko.com/demo/ynex/dist/assets/css/styles.min.css]
[spruko.com/demo/ynex/dist/assets/css/icons.css]
[spruko.com/demo/ynex/dist/assets/libs/node-waves/waves.min.css]
[spruko.com/demo/ynex/dist/assets/libs/simplebar/simplebar.min.css]
[spruko.com/demo/ynex/dist/assets/libs/flatpickr/flatpickr.min.css]
[spruko.com/demo/ynex/dist/assets/libs/@simonwep/pickr/themes/nano.min.css]
[spruko.com/demo/ynex/dist/assets/libs/choices.js/public/assets/styles/choices.min.css]
[spruko.com/demo/ynex/dist/assets/libs/jsvectormap/css/jsvectormap.min.css]
[spruko.com/demo/ynex/dist/assets/libs/swiper/swiper-bundle.min.css]
[spruko.com/demo/ynex/dist/assets/images/ecommerce/png/1.png]
[spruko.com/demo/ynex/dist/assets/images/ecommerce/png/7.png]
[spruko.com/demo/ynex/dist/assets/images/ecommerce/png/15.png]
[spruko.com/demo/ynex/dist/assets/images/ecommerce/png/12.png]
[spruko.com/demo/ynex/dist/assets/images/ecommerce/png/3.png]
[spruko.com/demo/ynex/dist/assets/libs/sweetalert2/sweetalert2.min.js]
[spruko.com/demo/ynex/dist/assets/js/cart.js]
[spruko.com/demo/ynex/dist/html/cart.html]
[spruko.com/demo/ynex/dist/assets/images/ecommerce/png/28.png]
[spruko.com/demo/ynex/dist/assets/images/ecommerce/png/31.png]
[spruko.com/demo/ynex/dist/assets/images/ecommerce/png/29.png]
[spruko.com/demo/ynex/dist/assets/images/ecommerce/png/30.png]
[spruko.com/demo/ynex/dist/assets/images/ecommerce/png/26.png]
[spruko.com/demo/ynex/dist/assets/images/ecommerce/png/27.png]
[spruko.com/demo/ynex/dist/assets/images/ecommerce/png/24.png]
[spruko.com/demo/ynex/dist/assets/js/checkout.js]
[spruko.com/demo/ynex/dist/html/checkout.html]
[spruko.com/demo/ynex/dist/assets/images/ecommerce/png/2.png]
[spruko.com/demo/ynex/dist/assets/images/ecommerce/png/4.png]
[spruko.com/demo/ynex/dist/assets/images/ecommerce/png/5.png]
[spruko.com/demo/ynex/dist/assets/images/ecommerce/png/6.png]
[spruko.com/demo/ynex/dist/assets/images/ecommerce/png/8.png]
[spruko.com/demo/ynex/dist/assets/images/ecommerce/png/9.png]
[spruko.com/demo/ynex/dist/assets/images/ecommerce/png/10.png]
[spruko.com/demo/ynex/dist/assets/images/ecommerce/png/11.png]
[spruko.com/demo/ynex/dist/assets/libs/nouislider/nouislider.min.js]
[spruko.com/demo/ynex/dist/assets/libs/wnumb/wNumb.min.js]
[spruko.com/demo/ynex/dist/assets/js/products.js]
[spruko.com/demo/ynex/dist/html/products.html]
[spruko.com/demo/ynex/dist/assets/images/faces/5.jpg]
[spruko.com/demo/ynex/dist/assets/images/faces/2.jpg]
[spruko.com/demo/ynex/dist/html/notifications.html]
[spruko.com/demo/ynex/dist/assets/images/faces/1.jpg]
[spruko.com/demo/ynex/dist/assets/images/faces/3.jpg]
[spruko.com/demo/ynex/dist/assets/images/faces/6.jpg]
[spruko.com/demo/ynex/dist/assets/images/faces/13.jpg]
[spruko.com/demo/ynex/dist/assets/images/media/media-17.jpg]
[spruko.com/demo/ynex/dist/assets/images/media/media-18.jpg]
[spruko.com/demo/ynex/dist/assets/images/media/file-manager/3.png]
[spruko.com/demo/ynex/dist/assets/images/media/media-75.jpg]
[spruko.com/demo/ynex/dist/assets/images/media/media-59.jpg]
[spruko.com/demo/ynex/dist/assets/images/media/media-60.jpg]
[spruko.com/demo/ynex/dist/assets/images/media/media-61.jpg]
[spruko.com/demo/ynex/dist/assets/images/media/media-39.jpg]
[spruko.com/demo/ynex/dist/assets/images/media/media-26.jpg]
[spruko.com/demo/ynex/dist/assets/images/media/media-29.jpg]
[spruko.com/demo/ynex/dist/assets/images/media/media-52.jpg]
[spruko.com/demo/ynex/dist/assets/images/media/media-56.jpg]
[spruko.com/demo/ynex/dist/assets/images/media/media-40.jpg]
[spruko.com/demo/ynex/dist/assets/images/media/media-45.jpg]
[spruko.com/demo/ynex/dist/assets/images/faces/16.jpg]
[spruko.com/demo/ynex/dist/assets/images/faces/7.jpg]
[spruko.com/demo/ynex/dist/assets/images/media/media-41.jpg]
[spruko.com/demo/ynex/dist/assets/images/media/media-42.jpg]
[spruko.com/demo/ynex/dist/assets/images/media/media-43.jpg]
[spruko.com/demo/ynex/dist/assets/images/media/media-44.jpg]
[spruko.com/demo/ynex/dist/assets/images/media/media-46.jpg]
[spruko.com/demo/ynex/dist/assets/images/media/media-32.jpg]
[spruko.com/demo/ynex/dist/assets/images/media/media-30.jpg]
[spruko.com/demo/ynex/dist/assets/images/media/media-31.jpg]
[spruko.com/demo/ynex/dist/assets/images/media/media-54.jpg]
[spruko.com/demo/ynex/dist/assets/images/media/media-64.jpg]
[spruko.com/demo/ynex/dist/assets/libs/glightbox/js/glightbox.min.js]
[spruko.com/demo/ynex/dist/assets/js/profile.js]
[spruko.com/demo/ynex/dist/html/profile.html]
[spruko.com/demo/ynex/dist/assets/images/faces/14.jpg]
[spruko.com/demo/ynex/dist/assets/libs/quill/quill.min.js]
[spruko.com/demo/ynex/dist/assets/js/mail.js]
[spruko.com/demo/ynex/dist/html/mail.html]
[spruko.com/demo/ynex/dist/assets/images/media/media-66.png]
[spruko.com/demo/ynex/dist/assets/images/faces/21.jpg]
[spruko.com/demo/ynex/dist/assets/libs/flatpickr/flatpickr.min.js]
[spruko.com/demo/ynex/dist/assets/js/todolist.js]
[spruko.com/demo/ynex/dist/html/to-do-list.html]
[spruko.com/demo/ynex/dist/assets/js/mail-settings.js]
[spruko.com/demo/ynex/dist/html/mail-settings.html]
[spruko.com/demo/ynex/dist/assets/images/faces/17.jpg]
[spruko.com/demo/ynex/dist/assets/images/faces/18.jpg]
[spruko.com/demo/ynex/dist/assets/images/faces/19.jpg]
[spruko.com/demo/ynex/dist/assets/images/faces/20.jpg]
[spruko.com/demo/ynex/dist/assets/images/media/media-63.jpg]
[spruko.com/demo/ynex/dist/assets/images/media/media-62.jpg]
[spruko.com/demo/ynex/dist/assets/images/media/media-53.jpg]
[spruko.com/demo/ynex/dist/assets/images/media/media-13.jpg]
[spruko.com/demo/ynex/dist/assets/images/media/media-19.jpg]
[spruko.com/demo/ynex/dist/assets/images/media/media-20.jpg]
[spruko.com/demo/ynex/dist/assets/js/chat.js]
[spruko.com/demo/ynex/dist/html/chat.html]
[spruko.com/demo/ynex/dist/assets/js/authentication-main.js]
[spruko.com/demo/ynex/dist/assets/images/authentication/2.png]
[spruko.com/demo/ynex/dist/assets/images/authentication/3.png]
[spruko.com/demo/ynex/dist/assets/libs/swiper/swiper-bundle.min.js]
[spruko.com/demo/ynex/dist/assets/js/authentication.js]
[spruko.com/demo/ynex/dist/assets/js/show-password.js]
[spruko.com/demo/ynex/dist/html/sign-in-cover.html]
[spruko.com/demo/ynex/dist/assets/images/ecommerce/png/35.png]
[spruko.com/demo/ynex/dist/assets/images/ecommerce/jpg/2.jpg]
[spruko.com/demo/ynex/dist/assets/images/ecommerce/png/13.png]
[spruko.com/demo/ynex/dist/assets/images/ecommerce/png/14.png]
[spruko.com/demo/ynex/dist/assets/images/ecommerce/png/36.png]
[spruko.com/demo/ynex/dist/assets/images/ecommerce/png/38.png]
[spruko.com/demo/ynex/dist/assets/images/ecommerce/png/39.png]
[spruko.com/demo/ynex/dist/assets/images/ecommerce/png/40.png]
[spruko.com/demo/ynex/dist/assets/images/flags/argentina_flag.jpg]
[spruko.com/demo/ynex/dist/assets/images/flags/uae_flag.jpg]
[spruko.com/demo/ynex/dist/assets/images/ecommerce/png/37.png]
[spruko.com/demo/ynex/dist/assets/js/ecommerce-dashboard.js]
[spruko.com/demo/ynex/dist/html/index-1.html]
[spruko.com/demo/ynex/dist/assets/images/media/media-82.png]
[spruko.com/demo/ynex/dist/assets/js/crypto-dashboard.js]
[spruko.com/demo/ynex/dist/html/index-2.html]
[spruko.com/demo/ynex/dist/assets/images/company-logos/4.png]
[spruko.com/demo/ynex/dist/assets/images/company-logos/10.png]
[spruko.com/demo/ynex/dist/assets/images/company-logos/8.png]
[spruko.com/demo/ynex/dist/assets/images/company-logos/1.png]
[spruko.com/demo/ynex/dist/assets/js/jobs-dashboard.js]
[spruko.com/demo/ynex/dist/html/index-3.html]
[spruko.com/demo/ynex/dist/assets/images/nft-images/1.png]
[spruko.com/demo/ynex/dist/assets/images/nft-images/2.png]
[spruko.com/demo/ynex/dist/assets/images/nft-images/3.png]
[spruko.com/demo/ynex/dist/assets/images/nft-images/5.png]
[spruko.com/demo/ynex/dist/assets/images/nft-images/4.png]
[spruko.com/demo/ynex/dist/assets/images/nft-images/6.png]
[spruko.com/demo/ynex/dist/assets/images/nft-images/7.png]
[spruko.com/demo/ynex/dist/assets/images/nft-images/8.png]
[spruko.com/demo/ynex/dist/assets/images/nft-images/9.png]
[spruko.com/demo/ynex/dist/assets/images/nft-images/11.png]
[spruko.com/demo/ynex/dist/assets/images/nft-images/12.png]
[spruko.com/demo/ynex/dist/assets/images/nft-images/13.png]
[spruko.com/demo/ynex/dist/assets/images/nft-images/14.png]
[spruko.com/demo/ynex/dist/assets/images/nft-images/10.png]
[spruko.com/demo/ynex/dist/assets/images/nft-images/15.png]
[spruko.com/demo/ynex/dist/assets/images/nft-images/17.png]
[spruko.com/demo/ynex/dist/assets/images/nft-images/16.png]
[spruko.com/demo/ynex/dist/assets/js/nft-dashboard.js]
[spruko.com/demo/ynex/dist/html/index-4.html]
[spruko.com/demo/ynex/dist/assets/js/sales-dashboard.js]
[spruko.com/demo/ynex/dist/html/index-5.html]
[spruko.com/demo/ynex/dist/assets/images/media/media-84.png]
[spruko.com/demo/ynex/dist/assets/images/flags/mexico_flag.jpg]
[spruko.com/demo/ynex/dist/assets/images/flags/china_flag.jpg]
[spruko.com/demo/ynex/dist/assets/images/flags/canada_flag.jpg]
[spruko.com/demo/ynex/dist/assets/libs/moment/moment.js]
[spruko.com/demo/ynex/dist/assets/js/analytics-dashboard.js]
[spruko.com/demo/ynex/dist/html/index-6.html]
[spruko.com/demo/ynex/dist/assets/js/projects-dashboard.js]
[spruko.com/demo/ynex/dist/html/index-7.html]
[spruko.com/demo/ynex/dist/assets/js/hrm-dashboard.js]
[spruko.com/demo/ynex/dist/html/index-8.html]
[spruko.com/demo/ynex/dist/assets/js/stocks-dashboard.js]
[spruko.com/demo/ynex/dist/html/index-9.html]
[spruko.com/demo/ynex/dist/assets/js/courses-dashboard.js]
[spruko.com/demo/ynex/dist/html/index-10.html]
[spruko.com/demo/ynex/dist/assets/js/personal-dashboard.js]
[spruko.com/demo/ynex/dist/html/index-11.html]
[spruko.com/demo/ynex/dist/html/about-us.html]
[spruko.com/demo/ynex/dist/assets/images/media/media-70.jpg]
[spruko.com/demo/ynex/dist/assets/images/media/media-71.jpg]
[spruko.com/demo/ynex/dist/assets/images/media/media-72.jpg]
[spruko.com/demo/ynex/dist/assets/images/media/media-36.jpg]
[spruko.com/demo/ynex/dist/assets/images/media/media-35.jpg]
[spruko.com/demo/ynex/dist/assets/images/media/media-73.jpg]
[spruko.com/demo/ynex/dist/assets/images/media/media-74.jpg]
[spruko.com/demo/ynex/dist/assets/images/media/media-76.jpg]
[spruko.com/demo/ynex/dist/assets/images/media/media-77.jpg]
[spruko.com/demo/ynex/dist/assets/images/media/media-78.jpg]
[spruko.com/demo/ynex/dist/html/blog.html]
[spruko.com/demo/ynex/dist/assets/images/media/media-23.jpg]
[spruko.com/demo/ynex/dist/html/blog-details.html]
[spruko.com/demo/ynex/dist/assets/images/media/media-49.jpg]
[spruko.com/demo/ynex/dist/assets/libs/filepond/filepond.min.js]
[spruko.com/demo/ynex/dist/assets/libs/filepond-plugin-image-preview/filepond-plugin-image-preview.min.js]
[spruko.com/demo/ynex/dist/assets/libs/filepond-plugin-image-exif-orientation/filepond-plugin-image-exif-orientation.min.js]
[spruko.com/demo/ynex/dist/assets/libs/filepond-plugin-file-validate-size/filepond-plugin-file-validate-size.min.js]
[spruko.com/demo/ynex/dist/assets/libs/filepond-plugin-file-encode/filepond-plugin-file-encode.min.js]
[spruko.com/demo/ynex/dist/assets/libs/filepond-plugin-image-edit/filepond-plugin-image-edit.min.js]
[spruko.com/demo/ynex/dist/assets/libs/filepond-plugin-file-validate-type/filepond-plugin-file-validate-type.min.js]
[spruko.com/demo/ynex/dist/assets/libs/filepond-plugin-image-crop/filepond-plugin-image-crop.min.js]
[spruko.com/demo/ynex/dist/assets/libs/filepond-plugin-image-resize/filepond-plugin-image-resize.min.js]
[spruko.com/demo/ynex/dist/assets/libs/filepond-plugin-image-transform/filepond-plugin-image-transform.min.js]
[spruko.com/demo/ynex/dist/assets/js/blog-create.js]
[spruko.com/demo/ynex/dist/html/blog-create.html]
[spruko.com/demo/ynex/dist/assets/images/media/media-8.jpg]
[spruko.com/demo/ynex/dist/assets/images/media/media-34.jpg]
[spruko.com/demo/ynex/dist/assets/images/media/media-21.jpg]
[spruko.com/demo/ynex/dist/html/contacts.html]
[spruko.com/demo/ynex/dist/html/contact-us.html]
[spruko.com/demo/ynex/dist/assets/js/add-products.js]
[spruko.com/demo/ynex/dist/html/add-products.html]
[spruko.com/demo/ynex/dist/assets/js/edit-products.js]
[spruko.com/demo/ynex/dist/html/edit-products.html]
[spruko.com/demo/ynex/dist/assets/images/ecommerce/png/32.png]
[spruko.com/demo/ynex/dist/assets/images/ecommerce/png/33.png]
[spruko.com/demo/ynex/dist/assets/images/ecommerce/png/34.png]
[spruko.com/demo/ynex/dist/html/order-details.html]
[spruko.com/demo/ynex/dist/assets/images/ecommerce/png/16.png]
[spruko.com/demo/ynex/dist/html/orders.html]
[spruko.com/demo/ynex/dist/assets/images/ecommerce/png/17.png]
[spruko.com/demo/ynex/dist/assets/images/ecommerce/png/18.png]
[spruko.com/demo/ynex/dist/assets/images/ecommerce/png/19.png]
[spruko.com/demo/ynex/dist/assets/images/ecommerce/png/20.png]
[spruko.com/demo/ynex/dist/assets/images/ecommerce/png/21.png]
[spruko.com/demo/ynex/dist/assets/images/ecommerce/png/22.png]
[spruko.com/demo/ynex/dist/assets/images/ecommerce/png/25.png]
[spruko.com/demo/ynex/dist/assets/js/product-details.js]
[spruko.com/demo/ynex/dist/html/product-details.html]
[spruko.com/demo/ynex/dist/assets/images/ecommerce/png/23.png]
[spruko.com/demo/ynex/dist/assets/js/product-list.js]
[spruko.com/demo/ynex/dist/html/products-list.html]
[spruko.com/demo/ynex/dist/assets/js/wishlist.js]
[spruko.com/demo/ynex/dist/html/wishlist.html]
[spruko.com/demo/ynex/dist/html/empty.html]
[spruko.com/demo/ynex/dist/html/faq's.html]
[spruko.com/demo/ynex/dist/assets/images/media/file-manager/2.png]
[spruko.com/demo/ynex/dist/assets/images/media/file-manager/1.png]
[spruko.com/demo/ynex/dist/assets/js/file-manager.js]
[spruko.com/demo/ynex/dist/html/file-manager.html]
[spruko.com/demo/ynex/dist/assets/js/create-invoice.js]
[spruko.com/demo/ynex/dist/html/invoice-create.html]
[spruko.com/demo/ynex/dist/html/invoice-details.html]
[spruko.com/demo/ynex/dist/assets/js/invoice-list.js]
[spruko.com/demo/ynex/dist/html/invoice-list.html]
[spruko.com/demo/ynex/dist/assets/images/brand-logos/desktop-white.png]
[spruko.com/demo/ynex/dist/assets/images/media/landing/1.png]
[spruko.com/demo/ynex/dist/assets/images/media/landing/3.png]
[spruko.com/demo/ynex/dist/assets/images/media/landing/web/1.png]
[spruko.com/demo/ynex/dist/assets/images/media/landing/web/2.png]
[spruko.com/demo/ynex/dist/assets/images/media/landing/web/4.png]
[spruko.com/demo/ynex/dist/assets/images/media/landing/web/5.png]
[spruko.com/demo/ynex/dist/assets/images/media/landing/web/6.png]
[spruko.com/demo/ynex/dist/assets/js/landing.js]
[spruko.com/demo/ynex/dist/html/landing.html]
[spruko.com/demo/ynex/dist/html/pricing.html]
[spruko.com/demo/ynex/dist/html/reviews.html]
[spruko.com/demo/ynex/dist/assets/images/media/team-covers/1.jpg]
[spruko.com/demo/ynex/dist/assets/images/media/team-covers/2.jpg]
[spruko.com/demo/ynex/dist/assets/images/media/team-covers/3.jpg]
[spruko.com/demo/ynex/dist/assets/images/media/team-covers/4.jpg]
[spruko.com/demo/ynex/dist/assets/images/media/team-covers/5.jpg]
[spruko.com/demo/ynex/dist/assets/images/media/team-covers/6.jpg]
[spruko.com/demo/ynex/dist/assets/images/media/team-covers/7.jpg]
[spruko.com/demo/ynex/dist/assets/images/media/team-covers/8.jpg]
[spruko.com/demo/ynex/dist/assets/images/media/team-covers/9.jpg]
[spruko.com/demo/ynex/dist/assets/js/team.js]
[spruko.com/demo/ynex/dist/html/team.html]
[spruko.com/demo/ynex/dist/assets/images/media/media-67.png]
[spruko.com/demo/ynex/dist/assets/js/terms_conditions.js]
[spruko.com/demo/ynex/dist/html/terms_conditions.html]
[spruko.com/demo/ynex/dist/html/timeline.html]
[spruko.com/demo/ynex/dist/assets/js/coming-soon.js]
[spruko.com/demo/ynex/dist/html/coming-soon.html]
[spruko.com/demo/ynex/dist/html/create-password-basic.html]
[spruko.com/demo/ynex/dist/html/create-password-cover.html]
[spruko.com/demo/ynex/dist/html/lockscreen-basic.html]
[spruko.com/demo/ynex/dist/html/lockscreen-cover.html]
[spruko.com/demo/ynex/dist/html/reset-password-basic.html]
[spruko.com/demo/ynex/dist/html/reset-password-cover.html]
[spruko.com/demo/ynex/dist/html/sign-up-basic.html]
[spruko.com/demo/ynex/dist/html/sign-up-cover.html]
[spruko.com/demo/ynex/dist/html/sign-in-basic.html]
[spruko.com/demo/ynex/dist/assets/js/two-step-verification.js]
[spruko.com/demo/ynex/dist/html/two-step-verification-basic.html]
[spruko.com/demo/ynex/dist/html/two-step-verification-cover.html]
[spruko.com/demo/ynex/dist/assets/js/under-maintenance.js]
[spruko.com/demo/ynex/dist/html/under-maintenance.html]
[spruko.com/demo/ynex/dist/assets/libs/particles.js/particles.js]
[spruko.com/demo/ynex/dist/assets/js/error.js]
[spruko.com/demo/ynex/dist/html/401-error.html]
[spruko.com/demo/ynex/dist/html/404-error.html]
[spruko.com/demo/ynex/dist/html/500-error.html]
[spruko.com/demo/ynex/dist/assets/libs/prismjs/prism.js]
[spruko.com/demo/ynex/dist/assets/js/prism-custom.js]
[spruko.com/demo/ynex/dist/assets/js/alerts.js]
[spruko.com/demo/ynex/dist/html/alerts.html]
[spruko.com/demo/ynex/dist/html/badge.html]
[spruko.com/demo/ynex/dist/html/breadcrumb.html]
[spruko.com/demo/ynex/dist/html/buttons.html]
[spruko.com/demo/ynex/dist/html/buttongroup.html]
[spruko.com/demo/ynex/dist/assets/images/media/media-22.jpg]
[spruko.com/demo/ynex/dist/assets/images/media/media-24.jpg]
[spruko.com/demo/ynex/dist/assets/images/media/media-25.jpg]
[spruko.com/demo/ynex/dist/assets/images/media/media-27.jpg]
[spruko.com/demo/ynex/dist/assets/images/media/media-4.jpg]
[spruko.com/demo/ynex/dist/assets/images/media/media-9.jpg]
[spruko.com/demo/ynex/dist/assets/images/media/media-15.jpg]
[spruko.com/demo/ynex/dist/assets/images/media/media-28.jpg]
[spruko.com/demo/ynex/dist/assets/images/media/media-33.jpg]
[spruko.com/demo/ynex/dist/assets/images/media/media-37.jpg]
[spruko.com/demo/ynex/dist/assets/images/media/media-38.jpg]
[spruko.com/demo/ynex/dist/assets/images/media/media-47.jpg]
[spruko.com/demo/ynex/dist/html/cards.html]
[spruko.com/demo/ynex/dist/html/dropdowns.html]
[spruko.com/demo/ynex/dist/assets/images/media/media-48.jpg]
[spruko.com/demo/ynex/dist/assets/images/media/media-50.jpg]
[spruko.com/demo/ynex/dist/assets/images/media/media-55.jpg]
[spruko.com/demo/ynex/dist/assets/images/media/media-57.jpg]
[spruko.com/demo/ynex/dist/assets/images/media/media-51.jpg]
[spruko.com/demo/ynex/dist/html/images_figures.html]
[spruko.com/demo/ynex/dist/html/listgroup.html]
[spruko.com/demo/ynex/dist/html/navs_tabs.html]
[spruko.com/demo/ynex/dist/html/object-fit.html]
[spruko.com/demo/ynex/dist/html/pagination.html]
[spruko.com/demo/ynex/dist/html/popovers.html]
[spruko.com/demo/ynex/dist/html/progress.html]
[spruko.com/demo/ynex/dist/html/spinners.html]
[spruko.com/demo/ynex/dist/assets/js/Toasts.js]
[spruko.com/demo/ynex/dist/html/toasts.html]
[spruko.com/demo/ynex/dist/html/tooltips.html]
[spruko.com/demo/ynex/dist/html/typography.html]
[spruko.com/demo/ynex/dist/html/avatars.html]
[spruko.com/demo/ynex/dist/assets/images/media/media-58.jpg]
[spruko.com/demo/ynex/dist/html/borders.html]
[spruko.com/demo/ynex/dist/html/breakpoints.html]
[spruko.com/demo/ynex/dist/html/colors.html]
[spruko.com/demo/ynex/dist/html/columns.html]
[spruko.com/demo/ynex/dist/html/flex.html]
[spruko.com/demo/ynex/dist/html/gutters.html]
[spruko.com/demo/ynex/dist/html/helpers.html]
[spruko.com/demo/ynex/dist/html/position.html]
[spruko.com/demo/ynex/dist/assets/images/media/media-7.jpg]
[spruko.com/demo/ynex/dist/html/more.html]
[spruko.com/demo/ynex/dist/html/form_inputs.html]
[spruko.com/demo/ynex/dist/html/form_check_radios.html]
[spruko.com/demo/ynex/dist/html/form_input_group.html]
[spruko.com/demo/ynex/dist/assets/js/choices.js]
[spruko.com/demo/ynex/dist/html/form_select.html]
[spruko.com/demo/ynex/dist/assets/js/nouislider.js]
[spruko.com/demo/ynex/dist/html/form_range.html]
[spruko.com/demo/ynex/dist/assets/libs/cleave.js/cleave.min.js]
[spruko.com/demo/ynex/dist/assets/js/form-input-mask.js]
[spruko.com/demo/ynex/dist/html/form_input_masks.html]
[spruko.com/demo/ynex/dist/assets/libs/dropzone/dropzone-min.js]
[spruko.com/demo/ynex/dist/assets/js/fileupload.js]
[spruko.com/demo/ynex/dist/html/form_file_uploads.html]
[spruko.com/demo/ynex/dist/assets/js/date&time_pickers.js]
[spruko.com/demo/ynex/dist/html/form_dateTime_pickers.html]
[spruko.com/demo/ynex/dist/assets/js/color-picker.js]
[spruko.com/demo/ynex/dist/html/form_color_pickers.html]
[spruko.com/demo/ynex/dist/html/floating_labels.html]
[spruko.com/demo/ynex/dist/html/form_layout.html]
[spruko.com/demo/ynex/dist/assets/js/quill-editor.js]
[spruko.com/demo/ynex/dist/html/quill_editor.html]
[spruko.com/demo/ynex/dist/assets/js/validation.js]
[spruko.com/demo/ynex/dist/html/form_validation.html]
[cdn.jsdelivr.net/npm/select2@4.1.0-rc.0/dist/css/select2.min.css]
[cdn.jsdelivr.net/npm/select2@4.1.0-rc.0/dist/js/select2.min.js]
[code.jquery.com/jquery-3.6.1.min.js]
[spruko.com/demo/ynex/dist/assets/js/select2.js]
[spruko.com/demo/ynex/dist/html/form_select2.html]
[spruko.com/demo/ynex/dist/html/accordions_collpase.html]
[spruko.com/demo/ynex/dist/assets/images/media/media-14.jpg]
[spruko.com/demo/ynex/dist/html/carousel.html]
[spruko.com/demo/ynex/dist/assets/libs/dragula/dragula.min.js]
[spruko.com/demo/ynex/dist/assets/js/draggable-cards.js]
[spruko.com/demo/ynex/dist/html/draggable-cards.html]
[spruko.com/demo/ynex/dist/assets/js/modal.js]
[spruko.com/demo/ynex/dist/html/modals_closes.html]
[spruko.com/demo/ynex/dist/html/navbar.html]
[spruko.com/demo/ynex/dist/html/offcanvas.html]
[spruko.com/demo/ynex/dist/html/placeholders.html]
[spruko.com/demo/ynex/dist/assets/libs/rater-js/index.js]
[spruko.com/demo/ynex/dist/assets/js/ratings.js]
[spruko.com/demo/ynex/dist/html/ratings.html]
[spruko.com/demo/ynex/dist/html/scrollspy.html]
[spruko.com/demo/ynex/dist/assets/images/media/media-16.jpg]
[spruko.com/demo/ynex/dist/assets/images/media/media-12.jpg]
[spruko.com/demo/ynex/dist/assets/images/media/media-5.jpg]
[spruko.com/demo/ynex/dist/assets/images/media/media-1.jpg]
[spruko.com/demo/ynex/dist/assets/images/media/media-2.jpg]
[spruko.com/demo/ynex/dist/assets/images/media/media-3.jpg]
[spruko.com/demo/ynex/dist/assets/images/media/media-6.jpg]
[spruko.com/demo/ynex/dist/assets/images/media/media-10.jpg]
[spruko.com/demo/ynex/dist/assets/images/media/media-11.jpg]
[spruko.com/demo/ynex/dist/assets/js/swiper.js]
[spruko.com/demo/ynex/dist/html/swiperjs.html]
[spruko.com/demo/ynex/dist/assets/js/widgets.js]
[spruko.com/demo/ynex/dist/html/widgets.html]
[spruko.com/demo/ynex/dist/assets/libs/fullcalendar/main.min.js]
[spruko.com/demo/ynex/dist/assets/js/fullcalendar.js]
[spruko.com/demo/ynex/dist/html/full-calendar.html]
[spruko.com/demo/ynex/dist/assets/js/gallery.js]
[spruko.com/demo/ynex/dist/html/gallery.html]
[spruko.com/demo/ynex/dist/assets/js/sweet-alerts.js]
[spruko.com/demo/ynex/dist/html/sweet_alerts.html]
[spruko.com/demo/ynex/dist/html/tables.html]
[spruko.com/demo/ynex/dist/assets/libs/gridjs/gridjs.umd.js]
[spruko.com/demo/ynex/dist/assets/js/grid.js]
[spruko.com/demo/ynex/dist/html/grid-tables.html]
[cdn.datatables.net/1.12.1/css/dataTables.bootstrap5.min.css]
[cdn.datatables.net/responsive/2.3.0/css/responsive.bootstrap.min.css]
[cdn.datatables.net/buttons/2.2.3/css/buttons.bootstrap5.min.css]
[cdn.datatables.net/1.12.1/js/jquery.dataTables.min.js]
[cdn.datatables.net/1.12.1/js/dataTables.bootstrap5.min.js]
[cdn.datatables.net/responsive/2.3.0/js/dataTables.responsive.min.js]
[cdn.datatables.net/buttons/2.2.3/js/dataTables.buttons.min.js]
[cdn.datatables.net/buttons/2.2.3/js/buttons.print.min.js]
[cdnjs.cloudflare.com/ajax/libs/pdfmake/0.2.6/pdfmake.min.js]
[cdn.datatables.net/buttons/2.2.3/js/buttons.html5.min.js]
[cdnjs.cloudflare.com/ajax/libs/pdfmake/0.1.53/vfs_fonts.js]
[cdnjs.cloudflare.com/ajax/libs/jszip/3.10.1/jszip.min.js]
[spruko.com/demo/ynex/dist/assets/js/datatables.js]
[spruko.com/demo/ynex/dist/html/data-tables.html]
[spruko.com/demo/ynex/dist/assets/js/dataseries.js]
[spruko.com/demo/ynex/dist/assets/js/apexcharts-stock-prices.js]
[spruko.com/demo/ynex/dist/assets/js/apexcharts-line.js]
[spruko.com/demo/ynex/dist/html/apex-line-charts.html]
[spruko.com/demo/ynex/dist/assets/js/apex-github-data.js]
[spruko.com/demo/ynex/dist/assets/js/apexcharts-irregulardata.js]
[spruko.com/demo/ynex/dist/assets/js/apexcharts-area.js]
[spruko.com/demo/ynex/dist/html/apex-area-charts.html]
[spruko.com/demo/ynex/dist/assets/js/apexcharts-column.js]
[spruko.com/demo/ynex/dist/html/apex-column-charts.html]
[spruko.com/demo/ynex/dist/assets/js/apexcharts-bar.js]
[spruko.com/demo/ynex/dist/html/apex-bar-charts.html]
[spruko.com/demo/ynex/dist/assets/js/apexcharts-mixed.js]
[spruko.com/demo/ynex/dist/html/apex-mixed-charts.html]
[spruko.com/demo/ynex/dist/assets/js/apexcharts-rangearea.js]
[spruko.com/demo/ynex/dist/html/apex-rangearea-charts.html]
[spruko.com/demo/ynex/dist/assets/js/apexcharts-timeline.js]
[spruko.com/demo/ynex/dist/html/apex-timeline-charts.html]
[spruko.com/demo/ynex/dist/assets/js/apexcharts-candlestick-seriesdata.js]
[spruko.com/demo/ynex/dist/assets/js/apexcharts-dayjs.min.js]
[spruko.com/demo/ynex/dist/assets/js/apexcharts-candlestick.js]
[spruko.com/demo/ynex/dist/html/apex-candlestick-charts.html]
[spruko.com/demo/ynex/dist/assets/js/apexcharts-boxplot.js]
[spruko.com/demo/ynex/dist/html/apex-boxplot-charts.html]
[spruko.com/demo/ynex/dist/assets/js/apexcharts-bubble.js]
[spruko.com/demo/ynex/dist/html/apex-bubble-charts.html]
[spruko.com/demo/ynex/dist/assets/js/apexcharts-scatter.js]
[spruko.com/demo/ynex/dist/html/apex-scatter-charts.html]
[spruko.com/demo/ynex/dist/assets/js/apexcharts-heatmap.js]
[spruko.com/demo/ynex/dist/html/apex-heatmap-charts.html]
[spruko.com/demo/ynex/dist/assets/js/apexcharts-treemap.js]
[spruko.com/demo/ynex/dist/html/apex-treemap-charts.html]
[spruko.com/demo/ynex/dist/assets/js/apexcharts-pie.js]
[spruko.com/demo/ynex/dist/html/apex-pie-charts.html]
[spruko.com/demo/ynex/dist/assets/js/apexcharts-radialbar.js]
[spruko.com/demo/ynex/dist/html/apex-radialbar-charts.html]
[spruko.com/demo/ynex/dist/assets/js/apexcharts-radar.js]
[spruko.com/demo/ynex/dist/html/apex-radar-charts.html]
[spruko.com/demo/ynex/dist/assets/js/apexcharts-polararea.js]
[spruko.com/demo/ynex/dist/html/apex-polararea-charts.html]
[spruko.com/demo/ynex/dist/assets/js/chartjs-charts.js]
[spruko.com/demo/ynex/dist/html/chartjs-charts.html]
[spruko.com/demo/ynex/dist/assets/libs/echarts/echarts.min.js]
[spruko.com/demo/ynex/dist/assets/js/echarts.js]
[spruko.com/demo/ynex/dist/html/echarts.html]
[spruko.com/demo/ynex/dist/assets/libs/gmaps/gmaps.min.js]
[spruko.com/demo/ynex/dist/assets/js/google-maps.js]
[spruko.com/demo/ynex/dist/html/google-maps.html]
[spruko.com/demo/ynex/dist/assets/libs/leaflet/leaflet.js]
[spruko.com/demo/ynex/dist/assets/js/leaflet.js]
[spruko.com/demo/ynex/dist/html/leaflet-maps.html]
[spruko.com/demo/ynex/dist/assets/js/us-merc-en.js]
[spruko.com/demo/ynex/dist/assets/js/russia.js]
[spruko.com/demo/ynex/dist/assets/js/spain.js]
[spruko.com/demo/ynex/dist/assets/js/canada.js]
[spruko.com/demo/ynex/dist/assets/js/jsvectormap.js]
[spruko.com/demo/ynex/dist/html/vector-maps.html]
[spruko.com/demo/ynex/dist/html/icons.html]
[spruko.com/demo/ynex/dist/assets/icon-fonts/RemixIcons/fonts/remixicondf6d.eot]
[spruko.com/demo/ynex/dist/assets/icon-fonts/RemixIcons/fonts/remixicondf6d.woff2]
[spruko.com/demo/ynex/dist/assets/icon-fonts/RemixIcons/fonts/remixicondf6d.woff]
[spruko.com/demo/ynex/dist/assets/icon-fonts/RemixIcons/fonts/remixicondf6d.ttf]
[spruko.com/demo/ynex/dist/assets/icon-fonts/RemixIcons/fonts/remixicon.css]
[spruko.com/demo/ynex/dist/assets/icon-fonts/feather/fonts/feather/feather-webfont6cfa.eot]
[spruko.com/demo/ynex/dist/assets/icon-fonts/feather/fonts/feather/feather-webfont.ttf]
[spruko.com/demo/ynex/dist/assets/icon-fonts/feather/feather.css]
[spruko.com/demo/ynex/dist/assets/icon-fonts/bootstrap-icons/icons/font/fonts/bootstrap-iconse8a7.woff2]
[spruko.com/demo/ynex/dist/assets/icon-fonts/bootstrap-icons/icons/font/fonts/bootstrap-iconse8a7.woff]
[spruko.com/demo/ynex/dist/assets/icon-fonts/bootstrap-icons/icons/font/bootstrap-icons.css]
[spruko.com/demo/ynex/dist/assets/icon-fonts/tabler-icons/iconfont/fonts/tabler-icons.eot]
[spruko.com/demo/ynex/dist/assets/icon-fonts/tabler-icons/iconfont/fonts/tabler-iconsd41d.eot]
[spruko.com/demo/ynex/dist/assets/icon-fonts/tabler-icons/iconfont/fonts/tabler-icons.woff2]
[spruko.com/demo/ynex/dist/assets/icon-fonts/tabler-icons/iconfont/fonts/tabler-icons.woff]
[spruko.com/demo/ynex/dist/assets/icon-fonts/tabler-icons/iconfont/fonts/tabler-icons.ttf]
[spruko.com/demo/ynex/dist/assets/icon-fonts/tabler-icons/iconfont/tabler-icons.css]
[spruko.com/demo/ynex/dist/assets/icon-fonts/line-awesome/1.3.0/css/line-awesome.css]
[spruko.com/demo/ynex/dist/assets/icon-fonts/boxicons/css/boxicons.css]
[spruko.com/demo/ynex/dist/assets/libs/sweetalert2/sweetalert2.min.css]
[spruko.com/demo/ynex/dist/assets/libs/nouislider/nouislider.min.css]
[spruko.com/demo/ynex/dist/assets/libs/glightbox/css/glightbox.min.css]
[spruko.com/demo/ynex/dist/assets/libs/quill/quill.snow.css]
[spruko.com/demo/ynex/dist/assets/libs/quill/quill.bubble.css]
[spruko.com/demo/ynex/dist/html/Image_012.html]
[spruko.com/demo/ynex/dist/assets/css/icons.min.css]
[spruko.com/demo/ynex/dist/assets/libs/filepond/filepond.min.css]
[spruko.com/demo/ynex/dist/assets/libs/filepond-plugin-image-preview/filepond-plugin-image-preview.min.css]
[spruko.com/demo/ynex/dist/assets/libs/filepond-plugin-image-edit/filepond-plugin-image-edit.min.css]
[spruko.com/demo/ynex/dist/assets/images/menu-bg-images/bg-img1.jpg]
[spruko.com/demo/ynex/dist/assets/images/menu-bg-images/bg-img2.jpg]
[spruko.com/demo/ynex/dist/assets/images/menu-bg-images/bg-img3.jpg]
[spruko.com/demo/ynex/dist/assets/images/menu-bg-images/bg-img4.jpg]
[spruko.com/demo/ynex/dist/assets/images/menu-bg-images/bg-img5.jpg]
[spruko.com/demo/ynex/dist/assets/images/authentication/1.jpg]
[spruko.com/demo/ynex/dist/assets/images/menu-bg-images/transparent.png]
[spruko.com/demo/ynex/dist/assets/images/media/backgrounds/1.png]
[spruko.com/demo/ynex/dist/assets/images/media/backgrounds/2.png]
[spruko.com/demo/ynex/dist/assets/images/media/backgrounds/3.png]
[spruko.com/demo/ynex/dist/assets/images/media/media-68.jpg]
[spruko.com/demo/ynex/dist/assets/images/media/media-79.jpg]
[spruko.com/demo/ynex/dist/assets/images/media/media-85.png]
[spruko.com/demo/ynex/dist/assets/images/media/media-65.png]
[spruko.com/demo/ynex/dist/assets/images/media/landing/2.jpg]
[spruko.com/demo/ynex/dist/assets/images/media/landing/banner.jpg]
[spruko.com/demo/ynex/dist/assets/css/styles.css]
[spruko.com/demo/ynex/dist/assets/libs/prismjs/themes/prism-coy.min.css]
[spruko.com/demo/ynex/dist/assets/libs/dropzone/dropzone.css]
[spruko.com/demo/ynex/dist/assets/libs/@simonwep/pickr/themes/classic.min.css]
[spruko.com/demo/ynex/dist/assets/libs/@simonwep/pickr/themes/monolith.min.css]
[cdn.jsdelivr.net/npm/select2@4.1.0-rc.0/dist/css/select2.min.css]
[spruko.com/demo/ynex/dist/assets/libs/dragula/dragula.min.css]
[spruko.com/demo/ynex/dist/assets/libs/fullcalendar/main.min.css]
[spruko.com/demo/ynex/dist/assets/libs/gridjs/theme/mermaid.min.css]
[cdn.datatables.net/1.12.1/css/dataTables.bootstrap5.min.css]
[cdn.datatables.net/responsive/2.3.0/css/responsive.bootstrap.min.css]
[cdn.datatables.net/buttons/2.2.3/css/buttons.bootstrap5.min.css]
[spruko.com/demo/ynex/dist/assets/libs/apexcharts/apexcharts.css]
[spruko.com/demo/ynex/dist/assets/libs/leaflet/images/layers.png]
[spruko.com/demo/ynex/dist/assets/libs/leaflet/images/layers-2x.png]
[spruko.com/demo/ynex/dist/assets/libs/leaflet/images/marker-icon.png]
[spruko.com/demo/ynex/dist/assets/libs/leaflet/leaflet.css]
[spruko.com/demo/ynex/dist/assets/icon-fonts/RemixIcons/fonts/remixicondf6d.svg]
[spruko.com/demo/ynex/dist/assets/icon-fonts/feather/fonts/feather/feather-webfont.svg]
[spruko.com/demo/ynex/dist/assets/icon-fonts/tabler-icons/iconfont/fonts/tabler-icons.svg]
